════════════════════════════════════════════════════════════
  StageVetManager — Session de scraping
  Date/heure  : 2026-07-07 11:01:15
  OS          : Mac OS X 26.5.1 aarch64
  Java        : 21.0.6 (Eclipse Adoptium)
  java.io.tmp : /var/folders/bz/5jpk_6v503lbbz39gnxd640r0000gp/T/
  user.home   : /Users/slefebvre
  jpackage    : non (dev mode)
  Navigateur  : FIREFOX | headless: true
  ChromeDrv   : (auto)
════════════════════════════════════════════════════════════
11:01:15.525 [+9ms] ────────────────────────────────────────────────────────────
11:01:15.527 [+11ms]  createDriver()
11:01:15.527 [+11ms] ────────────────────────────────────────────────────────────
11:01:15.528 [+12ms] OS : Mac OS X | arch : aarch64
11:01:15.529 [+13ms] Java : 21.0.6 | tmp : /var/folders/bz/5jpk_6v503lbbz39gnxd640r0000gp/T/
11:01:15.533 [+17ms] Navigateur : FIREFOX | headless : true | isWindows : false
11:01:15.534 [+18ms] ────────────────────────────────────────────────────────────
11:01:15.534 [+18ms]  FirefoxDriver — résolution GeckoDriver
11:01:15.534 [+18ms] ────────────────────────────────────────────────────────────
11:01:15.566 [+50ms] GeckoDriver résolu : /Users/slefebvre/stagevetmanager/geckodriver-v0.35.0
11:01:15.567 [+51ms]   existe=true | canExec=true | taille=5093744B
11:01:15.573 [+57ms] Pré-chauffe AV : exécution de geckodriver-v0.35.0 --version (10s max)…
11:01:15.767 [+251ms]   --version OK (192ms) : geckodriver 0.35.0 (9f0a0036bea4 2024-08-03 07:11 +0000)

The source code of this program is availab
11:01:15.767 [+251ms] ────────────────────────────────────────────────────────────
11:01:15.767 [+251ms]  FirefoxDriver — lancement du processus
11:01:15.767 [+251ms] ────────────────────────────────────────────────────────────
11:01:15.772 [+256ms] Lancement de FirefoxDriver dans un thread dédié (timeout 90s)…
11:01:18.044 [+2528ms] FirefoxDriver démarré en 2277ms
11:01:18.045 [+2529ms] FirefoxDriver démarré avec succès.
11:01:18.045 [+2529ms] pageLoadTimeout → 30s
11:01:18.052 [+2536ms] Driver prêt.
11:01:18.052 [+2536ms] ────────────────────────────────────────────────────────────
11:01:18.052 [+2536ms]  login() — navigation
11:01:18.052 [+2536ms] ────────────────────────────────────────────────────────────
11:01:18.052 [+2536ms] Navigation vers https://www.stagevet.fr/login …
11:01:19.028 [+3512ms] Page chargée (971ms) — URL : https://www.stagevet.fr/login
11:01:19.030 [+3514ms] Attente #email visible (timeout 20s)…
11:01:19.064 [+3548ms] Champ #email visible (1012ms) — saisie des identifiants…
11:01:19.102 [+3586ms] Clic sur button[type=submit]…
11:01:19.694 [+4178ms] Formulaire soumis (1636ms) — URL : https://www.stagevet.fr/dashboard
11:01:19.694 [+4178ms] Attente redirection /dashboard (timeout 20s)…
11:01:19.700 [+4184ms] Connexion réussie — URL : https://www.stagevet.fr/dashboard — durée totale : 1648ms
11:01:19.701 [+4185ms] ────────────────────────────────────────────────────────────
11:01:19.701 [+4185ms]  scrapeAllPages()
11:01:19.701 [+4185ms] ────────────────────────────────────────────────────────────
11:01:19.701 [+4185ms] Chargement dashboard : https://www.stagevet.fr/dashboard?periode=1&order=1
11:01:20.144 [+4629ms] Dashboard chargé (442ms) — URL : https://www.stagevet.fr/dashboard?periode=1&order=1
11:01:20.145 [+4629ms] sleep(1500) — attente rendu initial…
11:01:21.660 [+6144ms] Cartes de stages détectées.
11:01:21.660 [+6144ms] sleep(1500) — stabilisation page 1…
11:01:23.261 [+7745ms] Page 1 : 10 stage(s) (total : 10)
11:01:23.282 [+7766ms] Clic Suivant → page 2…
11:01:23.993 [+8477ms] Page suivante chargée (staleness OK)
11:01:23.993 [+8477ms] sleep(1500) — stabilisation page 2…
11:01:25.524 [+10008ms] Page 2 : 10 stage(s) (total : 20)
11:01:25.544 [+10028ms] Clic Suivant → page 3…
11:01:26.711 [+11195ms] Page suivante chargée (staleness OK)
11:01:26.712 [+11196ms] sleep(1500) — stabilisation page 3…
11:01:28.243 [+12727ms] Page 3 : 10 stage(s) (total : 30)
11:01:28.260 [+12744ms] Clic Suivant → page 4…
11:01:29.387 [+13871ms] Page suivante chargée (staleness OK)
11:01:29.387 [+13871ms] sleep(1500) — stabilisation page 4…
11:01:30.915 [+15399ms] Page 4 : 10 stage(s) (total : 40)
11:01:30.933 [+15417ms] Clic Suivant → page 5…
11:01:32.933 [+17417ms] Page suivante chargée (staleness OK)
11:01:32.933 [+17417ms] sleep(1500) — stabilisation page 5…
11:01:34.462 [+18946ms] Page 5 : 10 stage(s) (total : 50)
11:01:34.478 [+18962ms] Clic Suivant → page 6…
11:01:35.601 [+20085ms] Page suivante chargée (staleness OK)
11:01:35.602 [+20086ms] sleep(1500) — stabilisation page 6…
11:01:37.135 [+21619ms] Page 6 : 10 stage(s) (total : 60)
11:01:37.155 [+21639ms] Clic Suivant → page 7…
11:01:40.298 [+24782ms] Page suivante chargée (staleness OK)
11:01:40.298 [+24782ms] sleep(1500) — stabilisation page 7…
11:01:41.840 [+26324ms] Page 7 : 10 stage(s) (total : 70)
11:01:41.864 [+26348ms] Clic Suivant → page 8…
11:01:44.867 [+29351ms] Page suivante chargée (staleness OK)
11:01:44.867 [+29351ms] sleep(1500) — stabilisation page 8…
11:01:46.398 [+30882ms] Page 8 : 10 stage(s) (total : 80)
11:01:46.416 [+30900ms] Clic Suivant → page 9…
11:01:48.378 [+32862ms] Page suivante chargée (staleness OK)
11:01:48.378 [+32862ms] sleep(1500) — stabilisation page 9…
11:01:49.904 [+34388ms] Page 9 : 10 stage(s) (total : 90)
11:01:49.924 [+34408ms] Clic Suivant → page 10…
11:01:52.626 [+37111ms] Page suivante chargée (staleness OK)
11:01:52.627 [+37111ms] sleep(1500) — stabilisation page 10…
11:01:54.155 [+38639ms] Page 10 : 10 stage(s) (total : 100)
11:01:54.174 [+38658ms] Clic Suivant → page 11…
11:01:56.751 [+41235ms] Page suivante chargée (staleness OK)
11:01:56.751 [+41235ms] sleep(1500) — stabilisation page 11…
11:01:58.275 [+42759ms] Page 11 : 10 stage(s) (total : 110)
11:01:58.296 [+42780ms] Clic Suivant → page 12…
11:02:01.158 [+45642ms] Page suivante chargée (staleness OK)
11:02:01.158 [+45642ms] sleep(1500) — stabilisation page 12…
11:02:02.682 [+47166ms] Page 12 : 10 stage(s) (total : 120)
11:02:02.703 [+47187ms] Clic Suivant → page 13…
11:02:05.598 [+50082ms] Page suivante chargée (staleness OK)
11:02:05.598 [+50082ms] sleep(1500) — stabilisation page 13…
11:02:07.128 [+51612ms] Page 13 : 10 stage(s) (total : 130)
11:02:07.146 [+51630ms] Clic Suivant → page 14…
11:02:10.353 [+54837ms] Page suivante chargée (staleness OK)
11:02:10.353 [+54838ms] sleep(1500) — stabilisation page 14…
11:02:11.872 [+56356ms] Page 14 : 10 stage(s) (total : 140)
11:02:11.885 [+56369ms] Clic Suivant → page 15…
11:02:15.174 [+59658ms] Page suivante chargée (staleness OK)
11:02:15.174 [+59658ms] sleep(1500) — stabilisation page 15…
11:02:16.698 [+61182ms] Page 15 : 10 stage(s) (total : 150)
11:02:16.714 [+61198ms] Clic Suivant → page 16…
11:02:19.341 [+63825ms] Page suivante chargée (staleness OK)
11:02:19.341 [+63825ms] sleep(1500) — stabilisation page 16…
11:02:20.864 [+65348ms] Page 16 : 10 stage(s) (total : 160)
11:02:20.885 [+65369ms] Clic Suivant → page 17…
11:02:24.312 [+68796ms] Page suivante chargée (staleness OK)
11:02:24.312 [+68796ms] sleep(1500) — stabilisation page 17…
11:02:25.835 [+70319ms] Page 17 : 10 stage(s) (total : 170)
11:02:25.851 [+70335ms] Clic Suivant → page 18…
11:02:28.390 [+72874ms] Page suivante chargée (staleness OK)
11:02:28.390 [+72874ms] sleep(1500) — stabilisation page 18…
11:02:29.917 [+74401ms] Page 18 : 10 stage(s) (total : 180)
11:02:29.934 [+74418ms] Clic Suivant → page 19…
11:02:33.493 [+77977ms] Page suivante chargée (staleness OK)
11:02:33.493 [+77977ms] sleep(1500) — stabilisation page 19…
11:02:35.062 [+79546ms] Page 19 : 10 stage(s) (total : 190)
11:02:35.090 [+79574ms] Clic Suivant → page 20…
11:02:38.567 [+83051ms] Page suivante chargée (staleness OK)
11:02:38.567 [+83051ms] sleep(1500) — stabilisation page 20…
11:02:40.095 [+84579ms] Page 20 : 10 stage(s) (total : 200)
11:02:40.106 [+84590ms] Clic Suivant → page 21…
11:02:42.712 [+87196ms] Page suivante chargée (staleness OK)
11:02:42.712 [+87196ms] sleep(1500) — stabilisation page 21…
11:02:44.241 [+88725ms] Page 21 : 10 stage(s) (total : 210)
11:02:44.259 [+88743ms] Clic Suivant → page 22…
11:02:45.628 [+90112ms] Page suivante chargée (staleness OK)
11:02:45.628 [+90112ms] sleep(1500) — stabilisation page 22…
11:02:47.151 [+91635ms] Page 22 : 4 stage(s) (total : 214)
11:02:47.155 [+91639ms] Bouton Suivant absent — fin de pagination.
11:02:47.155 [+91639ms] Extraction terminée : 214 stage(s) sur 22 page(s)
11:02:47.678 [+92162ms] ── Session terminée ──
