════════════════════════════════════════════════════════════
  StageVetManager — Session de scraping
  Date/heure  : 2026-09-11 16:37:22
  OS          : Mac OS X 26.5.2 aarch64
  Java        : 21.0.6 (Eclipse Adoptium)
  java.io.tmp : /var/folders/bz/5jpk_6v503lbbz39gnxd640r0000gp/T/
  user.home   : /Users/slefebvre
  jpackage    : non (dev mode)
  Navigateur  : FIREFOX | headless: true
  ChromeDrv   : (auto)
════════════════════════════════════════════════════════════
16:37:22.204 [+10ms] ────────────────────────────────────────────────────────────
16:37:22.206 [+12ms]  createDriver()
16:37:22.206 [+12ms] ────────────────────────────────────────────────────────────
16:37:22.206 [+12ms] OS : Mac OS X | arch : aarch64
16:37:22.207 [+13ms] Java : 21.0.6 | tmp : /var/folders/bz/5jpk_6v503lbbz39gnxd640r0000gp/T/
16:37:22.210 [+16ms] Navigateur : FIREFOX | headless : true | isWindows : false
16:37:22.210 [+16ms] ────────────────────────────────────────────────────────────
16:37:22.210 [+16ms]  FirefoxDriver — résolution GeckoDriver
16:37:22.210 [+16ms] ────────────────────────────────────────────────────────────
16:37:22.210 [+16ms] GeckoDriver résolu : /Users/slefebvre/stagevetmanager/geckodriver-v0.35.0
16:37:22.212 [+18ms]   existe=true | canExec=true | taille=5093744B
16:37:22.217 [+23ms] Pré-chauffe AV : exécution de geckodriver-v0.35.0 --version (10s max)…
16:37:22.258 [+64ms]   --version OK (39ms) : geckodriver 0.35.0 (9f0a0036bea4 2024-08-03 07:11 +0000)

The source code of this program is availab
16:37:22.258 [+64ms] ────────────────────────────────────────────────────────────
16:37:22.258 [+64ms]  FirefoxDriver — lancement du processus
16:37:22.258 [+64ms] ────────────────────────────────────────────────────────────
16:37:22.262 [+68ms] Lancement de FirefoxDriver dans un thread dédié (timeout 90s)…
16:37:27.721 [+5527ms] FirefoxDriver démarré en 5463ms
16:37:27.721 [+5527ms] FirefoxDriver démarré avec succès.
16:37:27.721 [+5527ms] pageLoadTimeout → 30s
16:37:27.729 [+5535ms] Driver prêt.
16:37:27.729 [+5535ms] ────────────────────────────────────────────────────────────
16:37:27.729 [+5535ms]  login() — navigation
16:37:27.729 [+5535ms] ────────────────────────────────────────────────────────────
16:37:27.729 [+5535ms] Navigation vers https://www.stagevet.fr/login …
16:37:28.610 [+6416ms] Page chargée (879ms) — URL : https://www.stagevet.fr/login
16:37:28.611 [+6417ms] Attente #email visible (timeout 20s)…
16:37:28.638 [+6444ms] Champ #email visible (909ms) — saisie des identifiants…
16:37:28.677 [+6483ms] Clic sur button[type=submit]…
16:37:29.519 [+7325ms] Formulaire soumis (1786ms) — URL : https://www.stagevet.fr/dashboard
16:37:29.520 [+7326ms] Attente redirection /dashboard (timeout 20s)…
16:37:29.525 [+7331ms] Connexion réussie — URL : https://www.stagevet.fr/dashboard — durée totale : 1796ms
16:37:29.525 [+7331ms] ────────────────────────────────────────────────────────────
16:37:29.525 [+7331ms]  scrapeAllPages()
16:37:29.525 [+7331ms] ────────────────────────────────────────────────────────────
16:37:29.525 [+7331ms] Chargement dashboard : https://www.stagevet.fr/dashboard?periode=1&order=1
16:37:29.964 [+7770ms] Dashboard chargé (437ms) — URL : https://www.stagevet.fr/dashboard?periode=1&order=1
16:37:29.965 [+7771ms] sleep(1500) — attente rendu initial…
16:37:31.477 [+9283ms] Cartes de stages détectées.
16:37:31.478 [+9284ms] sleep(1500) — stabilisation page 1…
16:37:33.080 [+10886ms] Page 1 : 10 stage(s) (total : 10)
16:37:33.100 [+10906ms] Clic Suivant → page 2…
16:37:34.726 [+12532ms] Page suivante chargée (staleness OK)
16:37:34.727 [+12533ms] sleep(1500) — stabilisation page 2…
16:37:36.266 [+14072ms] Page 2 : 10 stage(s) (total : 20)
16:37:36.282 [+14088ms] Clic Suivant → page 3…
16:37:38.697 [+16503ms] Page suivante chargée (staleness OK)
16:37:38.698 [+16504ms] sleep(1500) — stabilisation page 3…
16:37:40.227 [+18033ms] Page 3 : 10 stage(s) (total : 30)
16:37:40.260 [+18066ms] Clic Suivant → page 4…
16:37:43.649 [+21455ms] Page suivante chargée (staleness OK)
16:37:43.649 [+21455ms] sleep(1500) — stabilisation page 4…
16:37:45.170 [+22976ms] Page 4 : 10 stage(s) (total : 40)
16:37:45.189 [+22995ms] Clic Suivant → page 5…
16:37:47.622 [+25428ms] Page suivante chargée (staleness OK)
16:37:47.622 [+25428ms] sleep(1500) — stabilisation page 5…
16:37:49.149 [+26955ms] Page 5 : 10 stage(s) (total : 50)
16:37:49.167 [+26973ms] Clic Suivant → page 6…
16:37:52.280 [+30086ms] Page suivante chargée (staleness OK)
16:37:52.280 [+30086ms] sleep(1500) — stabilisation page 6…
16:37:53.810 [+31616ms] Page 6 : 10 stage(s) (total : 60)
16:37:53.823 [+31629ms] Clic Suivant → page 7…
16:37:56.531 [+34337ms] Page suivante chargée (staleness OK)
16:37:56.531 [+34337ms] sleep(1500) — stabilisation page 7…
16:37:58.059 [+35865ms] Page 7 : 10 stage(s) (total : 70)
16:37:58.071 [+35877ms] Clic Suivant → page 8…
16:38:01.095 [+38901ms] Page suivante chargée (staleness OK)
16:38:01.095 [+38901ms] sleep(1500) — stabilisation page 8…
16:38:02.623 [+40429ms] Page 8 : 10 stage(s) (total : 80)
16:38:02.634 [+40440ms] Clic Suivant → page 9…
16:38:06.327 [+44133ms] Page suivante chargée (staleness OK)
16:38:06.328 [+44134ms] sleep(1500) — stabilisation page 9…
16:38:07.865 [+45671ms] Page 9 : 10 stage(s) (total : 90)
16:38:07.881 [+45687ms] Clic Suivant → page 10…
16:38:11.286 [+49092ms] Page suivante chargée (staleness OK)
16:38:11.286 [+49092ms] sleep(1500) — stabilisation page 10…
16:38:12.824 [+50630ms] Page 10 : 10 stage(s) (total : 100)
16:38:12.838 [+50644ms] Clic Suivant → page 11…
16:38:16.645 [+54451ms] Page suivante chargée (staleness OK)
16:38:16.645 [+54451ms] sleep(1500) — stabilisation page 11…
16:38:18.184 [+55990ms] Page 11 : 10 stage(s) (total : 110)
16:38:18.199 [+56005ms] Clic Suivant → page 12…
16:38:21.530 [+59336ms] Page suivante chargée (staleness OK)
16:38:21.530 [+59336ms] sleep(1500) — stabilisation page 12…
16:38:23.052 [+60858ms] Page 12 : 10 stage(s) (total : 120)
16:38:23.062 [+60868ms] Clic Suivant → page 13…
16:38:26.581 [+64387ms] Page suivante chargée (staleness OK)
16:38:26.581 [+64387ms] sleep(1500) — stabilisation page 13…
16:38:28.107 [+65913ms] Page 13 : 10 stage(s) (total : 130)
16:38:28.124 [+65930ms] Clic Suivant → page 14…
16:38:31.491 [+69297ms] Page suivante chargée (staleness OK)
16:38:31.491 [+69297ms] sleep(1500) — stabilisation page 14…
16:38:33.030 [+70836ms] Page 14 : 10 stage(s) (total : 140)
16:38:33.047 [+70853ms] Clic Suivant → page 15…
16:38:36.699 [+74505ms] Page suivante chargée (staleness OK)
16:38:36.699 [+74505ms] sleep(1500) — stabilisation page 15…
16:38:38.236 [+76042ms] Page 15 : 10 stage(s) (total : 150)
16:38:38.253 [+76059ms] Clic Suivant → page 16…
16:38:41.913 [+79719ms] Page suivante chargée (staleness OK)
16:38:41.913 [+79719ms] sleep(1500) — stabilisation page 16…
16:38:43.449 [+81255ms] Page 16 : 10 stage(s) (total : 160)
16:38:43.467 [+81273ms] Clic Suivant → page 17…
16:38:46.785 [+84591ms] Page suivante chargée (staleness OK)
16:38:46.785 [+84591ms] sleep(1500) — stabilisation page 17…
16:38:48.320 [+86126ms] Page 17 : 10 stage(s) (total : 170)
16:38:48.336 [+86142ms] Clic Suivant → page 18…
16:38:51.254 [+89060ms] Page suivante chargée (staleness OK)
16:38:51.254 [+89060ms] sleep(1500) — stabilisation page 18…
16:38:52.784 [+90590ms] Page 18 : 10 stage(s) (total : 180)
16:38:52.806 [+90612ms] Clic Suivant → page 19…
16:38:55.869 [+93675ms] Page suivante chargée (staleness OK)
16:38:55.869 [+93675ms] sleep(1500) — stabilisation page 19…
16:38:57.392 [+95198ms] Page 19 : 10 stage(s) (total : 190)
16:38:57.408 [+95214ms] Clic Suivant → page 20…
16:39:01.186 [+98992ms] Page suivante chargée (staleness OK)
16:39:01.186 [+98992ms] sleep(1500) — stabilisation page 20…
16:39:02.712 [+100518ms] Page 20 : 10 stage(s) (total : 200)
16:39:02.728 [+100534ms] Clic Suivant → page 21…
16:39:06.369 [+104175ms] Page suivante chargée (staleness OK)
16:39:06.369 [+104175ms] sleep(1500) — stabilisation page 21…
16:39:07.895 [+105701ms] Page 21 : 10 stage(s) (total : 210)
16:39:07.911 [+105717ms] Clic Suivant → page 22…
16:39:10.994 [+108800ms] Page suivante chargée (staleness OK)
16:39:10.994 [+108800ms] sleep(1500) — stabilisation page 22…
16:39:12.514 [+110320ms] Page 22 : 10 stage(s) (total : 220)
16:39:12.532 [+110338ms] Clic Suivant → page 23…
16:39:13.341 [+111147ms] Page suivante chargée (staleness OK)
16:39:13.342 [+111148ms] sleep(1500) — stabilisation page 23…
16:39:14.859 [+112665ms] Page 23 : 2 stage(s) (total : 222)
16:39:14.864 [+112670ms] Bouton Suivant absent — fin de pagination.
16:39:14.865 [+112671ms] Extraction terminée : 222 stage(s) sur 23 page(s)
16:39:15.419 [+113225ms] ── Session terminée ──
